Layer 0
                      
  o                   
                      
                      
                      
                      
                      
                      
                      
                      
                      
                      
                      
                      
                      
                      
                      
                      
                      
                      
Layer 1
                      
                      
                      
                      
                      
                      
AAA*A                 
*AAA*                 
 AAAA                 
  AAA                 
    A                 
                      
                      
                      
                      
                      
                      
                      
                      
                      
Layer 2
 D D*                 
 DDDDD                
 DD*D*                
                      
                      
                      
AAAAA                 
AAAAA                 
 AAAA                 
  AAA                 
    A                 
                      
                      
               C*     
      F       CCC     
   *FFFF*    *CCC     
    FFFFF     CCC     
    FFFFF             
    FFFF*             
    F                 
Layer 3
                      
                      
                      
                      
                      
                      
                      
                      
                      
                      
                      
                      
                      
               CC     
              CCC     
             CCCC     
              CCC     
                      
                      
                      
Layer 4
                      
                      
                      
                      
                      
                      
                      
                      
                      
                      
                      
                      
                      
                      
                      
                      
                      
                      
                      
                      
Layer 5
                      
                      
                      
                      
                      
                      
                      
                      
                      
                      
                      
          E           
          E           
         *EE          
          E           
                      
                      
                      
                      
                      
Layer 6
                      
                      
                      
                      
                B* B  
                *B*BBB
                BBBBBB
                BBB BB
                      
                      
                      
          E           
          E           
         EEE          
          E           
                      
                      
                      
                      
                      
Layer 7
                      
                      
                      
                      
                BB B  
                BBBBBB
                BBBBBB
                BBB BB
                      
                      
                      
                      
                      
                      
                      
                      
                      
                      
                      
                      
