Layer 0
                    
                    
                    
                    
                    
                    
                    
                    
                    
                    
                    
                    
                    
           AA       
         AAAAA      
        AAAAAA      
        AAA*AA      
        * * A       
Layer 1
                    
                    
                    
                    
                    
                    
                    
                    
                    
                    
                    
                    
       *D           
       D*           
                    
                    
                    
                    
Layer 2
  B                 
 *B*B               
BBBBBB              
 *BBB               
  BB                
                    
                    
                    
                    
                    
                    
                    
                    
                    
                    
                    
                    
                    
Layer 3
                    
                    
                    
                    
                    
                    
                    
                    
                    
                    
                    
                    
                    
                    
                    
                    
                    
                    
Layer 4
                    
                    
                    
                    
                    
                    
                    
                    
                    
                    
                    
                    
                    
                    
                    
                    
                    
                    
Layer 5
                FFFF
                FFF 
                FFFF
                FFFF
                 ** 
                    
                    
                    
                    
                    
                    
                    
                    
                 *  
                 CC 
                 C* 
                    
                    
Layer 6
                FFFF
                FFF 
                FFFF
                FFFF
                 FF 
                 *  
               EEEE 
               EEEE 
              EEEEE 
               EE*  
                *E  
                    
                    
                    
                    
                    
                    
                    
