Layer 0
                 
                 
                 
                 
                 
             T   
          TTTT   
          TTTT   
          *TT    
                 
                 
        U        
       UUUU      
       UUUU      
      *UUUU      
       UUU*      
                 
                 
                 
                 
                 
                 
                 
                 
                 
                 
                 
                 
    BB           
  BBBBB          
  BBBBB          
  *BBBB          
  BB*B*          
                 
                 
                 
            *P P 
           PPPPPP
            PPPP 
           PPPP  
           PPPP  
           P*    
                 
Layer 1
         SS*S    
         SSSS    
         SSSS    
          SS     
                 
             T   
          TTTT   
          TTTT   
          TTT    
                 
                 
        U        
       UUUU      
       UUUU      
      UUUUU      
       UUUU      
                 
                 
                 
                 
                 
                 
                 
                 
                 
                 
                 
                 
                 
                 
                 
                 
                 
                 
                 
                 
            PP P 
           PPPPPP
            PPPP 
           PPPP  
           PPPP  
           PP    
                 
Layer 2
                 
                 
      DDD        
     DDDD        
    DDDD*        
     DD*         
    DDD          
     DD          
                 
                 
                 
                 
                 
                 
                 
         *Q      
        QQQ      
       QQQQQ     
       QQQQQ     
       QQQQQ     
       *QQQ      
         Q       
                 
                 
                 
                 
                 
                 
                 
       MMMM      
       MMMMM     
       MMMMM     
        MMM      
         **      
                 
                 
                 
                 
                 
                 
                 
                 
                 
Layer 3
                 
                 
      DDDI       
     DDDDII*I    
    DDDDDIII*    
     DDDJIIII    
    DDJJJJI      
     DDJJJJO     
    *JJJJJOO*    
   *JJJJOOOOO    
   JJJJOOOOO*    
       OOOO      
        *O       
                 
                 
         QQ      
        QQQ      
       QQQQQ     
       QQQQQ     
       QQQQQ     
       QQQQ      
         Q       
                 
             N*  
            NNN  
           NNNN  
           *NNN  
           NNNN  
           NN    
       MMMMVVV   
       MMMMMVVV  
       MMMMMVVVV 
        MMM*VVVV 
         MM *VVV*
             VVV 
                 
                 
                 
                 
                 
                 
                 
                 
Layer 4
         K       
        KK*K     
      KKKKKKK    
      KKKKKK     
         *KK     
                 
                 
           O     
          OOO    
        OOOOO    
       OOOOOO    
       OOOO      
        OO       
                 
                 
                 
                 
                 
                 
                 
                 
                 
                 
             NN  
            NNN  
          *LLLN  
          *LLNN  
      *   LLLNN  
      H*HHHLL    
     HHHHHHHLLL  
      HHHHHLLLL  
      H*HHHLLL   
          CL     
         *CCC    
         CCCC    
        CCCCC    
        *CCCCC   
         *CCCC   
                 
                 
                 
                 
                 
Layer 5
         K       
        KKKK     
      KKKKKKK    
      KKKKKK     
         KKK     
                 
                 
                 
                 
                 
                 
                 
                 
                 
                 
                 
                 
                 
                 
                 
                 
                 
                 
                 
                 
                 
                 
      H          
      HHHHHH     
     HHHHHHH     
      HHHHH      
      HHHHH      
                 
                 
                 
                 
                 
                 
      EEEE*      
      EEEEE      
      EEEE*      
      EEEEE      
       E         
Layer 6
                 
                 
                 
                 
                 
                 
                 
                 
                 
                 
                 
                 
                 
                 
                 
                 
 R R*            
 RRRRR           
RRRRR            
RRRRRR           
 RR*RR           
                 
                 
                 
                 
                 
                 
                 
                 
                 
      GG         
     GGGG*       
     GGGG*       
    GGGGG        
     GGG         
     GGG         
     G G         
                 
                 
                 
                 
                 
                 
Layer 7
                 
                 
                 
                 
                 
                 
                 
                 
                 
                 
                 
                 
         FFF     
         FFFF    
        FFFFF*   
        FFFFF*   
 R RR    FFFF*   
 RRRRR   AAF     
RRRRR   AAAAAA   
RRRRRR  *AAAA    
 RRRRR  AAA*     
         A       
                 
                 
                 
                 
                 
                 
                 
                 
                 
                 
                 
                 
                 
                 
                 
                 
                 
                 
                 
                 
                 
