Layer 0
                           
                           
                           
                           
                           
                           
                           
                           
 876                       
                           
                           
                           
                           
                           
                           
                           
                           
                           
                           
                           
                           
                           
                           
         10                
        549                
          8                
                           
Layer 1
         56                
         87                
         901               
                           
                           
                           
    o                      
                           
 9 54                      
 0343                      
 12 2                      
                           
                           
                           
                           
                           
                           
                           
                           
                           
         1                 
         0                 
        89                 
        72                 
        63                 
         67                
         5                 
Layer 2
         4                 
       783                 
        92 2               
        01 3               
           4               
           5               
           6               
           456             
   67890  23 7             
   5   +     8  3456       
    10 +2       2  7       
  AAA*A+3                  
 0*AAA*+456                
   AAAA   7                
    AAA   8                
      A   9                
          0                
          1          01    
          2 67890121       
     345  345      2       
    12   2+3               
          5                
          6                
          7                
                           
         3                 
         4                 
Layer 3
                           
       65                  
        4                  
       23                  
      01                   
   D D*                    
   DDDDD   7               
   DD*D*++4+21098765       
   4 0 7 018       4       
   321 +   9 90            
       +      1 10 89      
  AAAAA       256   0      
21AAAAA1                   
367AAAA0                   
098 AAA                    
      A                    
                           
                     92    
                 C*0 83    
     876F    21 CCC3454    
    0*FFFF*01 +*CCC 765    
      FFFFF     CCC        
      FFFFF                
      FFFF*                
      F  10                
         2                 
                           
Layer 4
                           
                           
                           
                           
                           
     12                    
    90         87  0       
    8 15       9   1       
 45++90+6      0 12+       
 3  5665   0     0         
      7    1    89         
      89   2  347   1      
           3        2      
454    9   4               
123    8                   
       7                   
                           
           78              
           654   CC  7     
     90      3  CCC0 6     
      1234+++67CCCC98      
      2     2   CCC        
     43                    
                           
                           
                           
                           
Layer 5
                           
                           
                           
                           
                           
                           
                65 98      
      234        4 67      
     8 35    321 +32       
 2   7 2   654   9         
 1   32    7    34         
 0    10   8   12   4      
  6        9   0    3      
  5        +               
           5               
       6   6               
       5                   
       4 4109              
         5 098765432       
         670       1       
    8901   1               
    76     43              
     5                     
                           
                           
                           
                           
Layer 6
                           
                           
                           
                           
                           
                           
                           
                   5       
                 734       
       1         6210 9    
     450         56 610    
 9    6         76  52     
 87            9856543     
           1    4+7        
           2 89039         
         45+++3++0         
         32+E              
       3 32+E              
       2   *EE             
          89E              
            7              
           56              
                           
                           
                           
                           
                           
Layer 7
                           
                           
                           
                           
                           
                           
                           
                           
                           
               345B*+B87   
      89       870*B*BBB   
      7         43BBBBBB   
                  BBB BB   
                           
                           
          67   12          
           1E              
           0E              
       109 EEE             
         876E              
           98              
           0               
                           
                           
                           
                           
                           
Layer 8
                           
                           
                           
                           
                           
                           
                           
                           
                    23     
              12  BB1B 654 
              0961BBBBBB   
                52BBBBBB   
                  BBB BB   
                           
                           
                           
                           
                           
                           
           54              
            3              
           12              
                           
                           
                           
                           
                           
Layer 9
                           
                           
                           
                           
                           
                           
                           
                           
                     45  01
                         32
                           
                           
                           
                           
                           
                           
                           
                           
                           
                           
                           
                           
                           
                           
                           
                           
                           
Layer 10
                           
                           
                           
                           
                           
                           
                           
                           
                      6789 
                           
                           
                           
                           
                           
                           
                           
                           
                           
                           
                           
                           
                           
                           
                           
                           
                           
                           
