Layer 0
 ABCD          
 0  E          
A*A F          
AAA G          
AAAAH          
AAAAI          
*AAAJ          
 *A K          
    LC         
  BBMC         
 *BB *C        
BBBB*          
BBBBB          
BBBBB          
 B B           
               
               
               
               
               
Layer 1
 @?            
 12            
  5            
  6            
  7            
               
               
               
     C         
  BB C         
 BBB CC        
BBBBB          
BBBBB          
BBBBB          
 B B           
               
               
               
               
               
Layer 2
 =>            
 <3            
 ;4            
 :9            
  8            
               
               
               
               
               
               
               
               
               
               
               
               
               
               
               
Layer 3
 D             
 DD *D         
DDDDDD         
DDDDD          
DDDD           
 D*            
               
               
               
               
               
               
               
               
               
               
               
               
             *F
             FF
Layer 4
 D             
 DD DD         
DDDDDD         
DDDDD          
DDDD           
 DD            
               
               
               
               
     EE**      
     EEEE      
     EEE       
      E        
               
               
               
               
               
               
