Layer 0
 o                   
                     
                     
                     
                     
                     
                     
                     
                     
                     
                     
                     
                     
                     
                     
                     
Layer 1
                     
                     
                     
                     
                     
                     
                     
                     
                     
                     
       8             
      89             
     2+0             
  65439              
  7                  
 98                  
Layer 2
                     
                     
                     
                     
                     
                     
       AAA           
      AA*0           
       A+1           
       6+            
       +5            
      724            
      623            
      01             
FFFF                 
**FF                 
Layer 3
                     
                     
                     
                     
                     
                     
       AAA           
      AAA    3       
       A++7654       
       0*C           
       1CCC          
      43CC           
      5 CC*          
         C0          
FFFF                 
FFFF                 
Layer 4
                     
                     
                     
                     
                     
                     
                     
             21      
                     
                     
             0+++*E*E
              8+ *EEE
               +     
          1    76    
          2          
          3          
Layer 5
                     
                     
                     
                     
                     
                     
                     
              09     
             3       
             2  1    
            9+0 2EEEE
                3EEEE
             3454    
                5    
          5          
          4          
Layer 6
                     
                     
                     
                     
              23     
               4     
             6656    
             +587    
            4+       
            3BB*0    
           8+BBB*+   
            1 *BB+   
            0++BB    
           89 +      
          67         
                     
Layer 7
                     
                     
                     
                     
              1      
              0      
             **D     
             DDDDD   
             DDDDD   
            *DD*DD   
           765 0++   
               1++   
              ++6    
              +87    
                     
                     
Layer 8
                     
                     
                     
                     
                     
                     
             6       
             5       
             4       
             +       
             +4      
             +3      
              22     
               3     
               4     
                     
Layer 9
                     
                     
                     
                     
                     
                     
                     
                     
                     
                     
                     
             ++      
              8      
              7      
              65     
                     
