Layer 0
 o                   
                     
                     
                     
                     
                     
                     
                     
                     
                     
                     
                     
                     
                     
                     
                     
Layer 1
                     
                     
                     
                     
                     
                     
                     
                     
                     
                     
       8             
       9             
     210             
  6543               
  7                  
 98                  
Layer 2
                     
                     
                     
                     
                     
                     
       AAA           
      AA*0           
       A41           
       65            
       7             
                     
                     
                     
FFFF                 
**FF                 
Layer 3
                     
                     
                     
                     
                     
                     
       AAA           
      AAA            
       A32           
        *C           
        CCC          
        CC           
        CC*          
         C           
FFFF                 
FFFF                 
Layer 4
                     
                     
                     
                     
                     
                     
                     
                     
                     
                     
               89*E*E
               7 *EEE
               6     
                     
                     
                     
Layer 5
                     
                     
                     
                     
                     
                     
                     
                     
                     
                     
                 EEEE
                 EEEE
             345     
                     
                     
                     
Layer 6
                     
                     
                     
                     
                     
                     
                     
                     
                     
             BB*     
             BBB*0   
              *BB1   
             21BB    
                     
                     
                     
Layer 7
                     
                     
                     
                     
                     
                     
             **D     
             DDDDD   
             DDDDD   
            *DD*DD   
                43   
                52   
              0 6    
              987    
                     
                     
