Layer 0
 o                   
                     
                     
                     
                     
                     
                     
                     
                     
                     
                     
                     
                     
                     
                     
                     
Layer 1
                     
                     
                     
                     
                     
                     
                     
                     
                     
                     
       8             
       9             
     210             
  6543               
  7                  
 98                  
Layer 2
                     
                     
                     
                     
                     
                     
       AAA           
      AA*0           
       A41           
       65            
       7             
                     
                     
                     
FFFF                 
**FF                 
Layer 3
                     
                     
                     
                     
                     
                     
       AAA           
      AAA            
       A32           
        *C           
        CCC          
        CC           
        CC*          
         C           
FFFF                 
FFFF                 
Layer 4
                     
                     
                     
                     
                     
                     
                     
                     
                     
                     
               89*E*E
               7 *EEE
               6     
                     
                     
                     
Layer 5
                     
                     
                     
                     
                     
                     
                     
                     
                     
                     
                 EEEE
                 EEEE
             345     
                     
                     
                     
Layer 6
                     
                     
                     
                     
                     
                     
                     
                     
                     
             BB*     
             BBB*0   
              *BB1   
             2+BB    
              0      
                     
                     
Layer 7
                     
                     
                     
                     
                     
                     
             **D     
             DDDDD   
             DDDDD   
            *DD*DD   
                43   
                52   
              +16    
              +87    
                     
                     
Layer 8
                     
                     
                     
                     
                     
                     
             6       
             5       
             4       
             3       
             2       
             1       
               2     
               3     
               4     
                     
Layer 9
                     
                     
                     
                     
                     
                     
                     
                     
                     
                     
                     
             09      
              8      
              7      
              65     
                     
