Layer 0
                
                
                
                
                
                
12              
 3              
    B           
    A           
    @           
    ?           
    >           
    = 9         
    <;:         
                
                
                
                
                
Layer 1
  ABCD          
  0  E          
 A*A F          
 AAA G          
 AAAAH          
 AAAAI          
0*AAAJ          
 4*ADK          
 50 CLC         
 6 BBMC         
  *BB *C        
 BBBB*0         
 BBBBB1         
 BBBBB87        
  B B 56        
                
                
                
                
                
Layer 2
  @?            
  12            
   5            
   6            
   7            
                
 4  F           
 3  E           
 21   C         
 78BB C         
  BBB CC        
 BBBBB          
 BBBBB2         
 BBBBB3         
  B B 4         
                
                
                
                
                
Layer 3
  =>            
  <3K           
  ;4J           
  :9I           
   8H           
    G           
 567+           
    9           
                
  9:            
                
                
                
                
                
                
                
                
                
                
Layer 4
  D             
  DD *D         
 DDDDDD         
 DDDDD          
 DDDD           
  D*            
                
    :;          
     <=         
   ;  >         
   <= ?         
    > @ABCD     
    ?     EF    
    @      GHI  
    ABC      J  
      D      K  
      E      L  
      FGHIJKL+  
              *F
              FF
Layer 5
  D             
  DD DD         
 DDDDDD         
 DDDDD          
 DDDD           
  DD            
                
                
                
                
      EE**      
      EEEE      
      EEE       
       E        
                
                
                
                
                
                
