Layer 0
 o                   
                     
                     
                     
                     
                     
                     
                     
                     
                     
                     
                     
                     
                     
                     
                     
Layer 1
                     
                     
                     
                     
                     
                     
                     
                     
                     
                     
       8             
       9             
     210             
  6543               
  7                  
 98                  
Layer 2
                     
                     
                     
                     
                     
                     
       AAA           
      AA*0           
       A41           
       65            
       7             
                     
                     
                     
FFFF                 
**FF                 
Layer 3
                     
                     
                     
                     
                     
                     
       AAA           
      AAA            
       A32           
        *C           
        CCC          
        CC           
        CC*          
         C0          
FFFF                 
FFFF                 
Layer 4
                     
                     
                     
                     
                     
                     
                     
                     
                     
                     
             0989*E*E
              8+ *EEE
               +     
          1    76    
          2          
          3          
Layer 5
                     
                     
                     
                     
                     
                     
                     
                     
             3       
             2  1    
             1  2EEEE
                3EEEE
             3454    
                5    
          5          
          4          
Layer 6
                     
                     
                     
                     
                     
                     
             66      
             +5      
            4+       
            3BB*0    
            2BBB*0   
            1 *BB1   
            0++BB    
           89 +      
          67         
                     
Layer 7
                     
                     
                     
                     
                     
                     
             **D     
             DDDDD   
             DDDDD   
            *DD*DD   
                43   
                52   
              +16    
              +87    
                     
                     
Layer 8
                     
                     
                     
                     
                     
                     
             6       
             5       
             4       
             3       
             2       
             1       
               2     
               3     
               4     
                     
Layer 9
                     
                     
                     
                     
                     
                     
                     
                     
                     
                     
                     
             09      
              8      
              7      
              65     
                     
