Layer 0
                   
                   
                   
                   
=<;                
  :9               
   87              
    6              
                   
                   
                   
                   
           345     
             6     
                   
                   
                   
                   
                   
                   
Layer 1
                   
                   
                   
                   
>?                 
 @                 
 A 1+5             
 BC +4             
  DE 32B           
       A           
       @           
       ?     9     
       >  12 8     
       = 9   7     
       <;:         
                   
                   
                   
                   
                   
Layer 2
     ABCD          
     0HGE          
    A*AFF          
    AAAE+          
    AAAA+          
    AAAA+D         
   0*AAAJCB        
   G4*ADK A        
   F5+1CLC@        
    60BBMC?>       
     *BB *C=<;     
    BBBB*+   :     
    BBBBB+0        
    BBBBB87        
     B B 56        
                   
                   
                   
                   
                   
Layer 3
     @?            
     12            
      5            
      6            
      7            
                   
    4  F           
    3  E           
    21   C         
    78BB C         
     BBB CC        
    BBBBB          
    BBBBB2         
    BBBBB3         
     B B 4         
                   
                   
                   
                   
                   
Layer 4
     =>            
     <3K           
     ;4J           
     :9I           
      8H           
       G           
    567+           
       9           
                   
     9:            
                   
                   
                   
                   
                   
                   
                   
                   
                   
                   
Layer 5
     D             
     DD *D         
    DDDDDD         
    DDDDD          
    DDDD           
     D*            
                   
       :;          
        <=         
      ;  >         
      <= ?         
       > @ABCD     
       ?     EF    
       @      GHI  
       ABC      J  
         D      K  
         E      L  
         FGHIJKL+  
                 *F
                 FF
Layer 6
     D             
     DD DD         
    DDDDDD         
    DDDDD          
    DDDD           
     DD            
                   
                   
                   
                   
         EE**      
         EEEE      
         EEE       
          E        
                   
                   
                   
                   
                   
                   
