Layer 0
                   
                   
                   
                   
=<;                
  :9               
   87              
    6              
                   
                   
                   
                   
           345     
             6     
                   
                   
                   
                   
                   
                   
Layer 1
                   
    :              
    ;              
    <=             
>?   >             
 @   ?@            
 A 1+5A            
 BC +4B            
  DE 3+B           
      C+           
       +DE         
       ? F   9     
       >  12 8     
       = 9   7     
       <;:         
                   
                   
                   
                   
                   
Layer 2
    8++++          
    9++++          
    A*A++          
    AAA++          
    AAAA+          
    AAAA++         
   +*AAA+++        
   ++*A++ +        
   ++++++C+        
    ++BB+C+>       
     *BB *C=<;     
    BBBB*+   :     
    BBBBB+0        
    BBBBB87        
     B B 56        
                   
                   
                   
                   
                   
Layer 3
    7++            
    6++            
    5 +            
    43+            
      +            
                   
    +  +           
    +  +           
    ++   C         
    ++BB C         
     BBB CC        
    BBBBB          
    BBBBB2         
    BBBBB3         
     B B 4         
                   
                   
                   
                   
                   
Layer 4
     ++            
     +++           
     +++           
     +++           
     2++           
     1 +           
    ++++           
       +           
                   
     ++            
                   
                   
                   
                   
                   
                   
                   
                   
                   
                   
Layer 5
     D             
     DD *D         
    DDDDDD         
    DDDDD          
    DDDD           
     D*            
      0            
       ++          
        ++         
      +  +         
      ++ +         
       + +ABCD     
       ?     EF    
       @      GHI  
       ABC      J  
         D      K  
         E      L  
         FGHIJKL+  
                 *F
                 FF
Layer 6
     D             
     DD DD         
    DDDDDD         
    DDDDD          
    DDDD           
     DD            
                   
                   
                   
                   
         EE**      
         EEEE      
         EEE       
          E        
                   
                   
                   
                   
                   
                   
