Layer 0
                  
                  
                  
                  
                  
                  
                  
                  
    FF            
   FFFF*          
   *FFF           
   FFF            
                  
                  
                  
                  
Layer 1
   *AAA           
  *AAAAA          
  AAAAAA          
      AA          
                  
                  
                  
                  
    FF            
   FFFFF          
   FFFF           
   FFF            
                  
                  
                  
                  
Layer 2
   AAAA           
  AAAAAA          
  AAAAAA          
      AA       *  
               *B*
               BBB
               BB 
               BB 
                  
                  
                  
                  
                  
                  
                  
                  
Layer 3
                  
                  
                  
               B  
               BBB
               BBB
               BB 
     E         BB 
    EE*           
 EEEEEEE          
EE*EEEE*          
   ECCCE          
    CCCEE         
    CCCC          
    *C*C          
     C C          
Layer 4
      *           
    DDD           
   DDDDD          
   DDDD           
  DD*             
   D              
                  
     E            
    EEE           
 EEEEEEE          
EEEEEEEE          
   ECCCE          
    CCCEE         
    CCCC          
    CCCC          
     C C          
