Layer 0
67                
 8                
 9876543210   43  
                  
                  
                  
                  
                  
                  
    FF   25       
  1FFFF*016       
  0*FFF           
   FFF 8          
       7          
       6          
       5          
                  
                  
                  
Layer 1
54  9876          
 90*AAA54         
 0*AAAAA3 987652  
 +AAAAAA2      1  
 87++ AA1         
        0         
        9         
        8         
  45    76        
  3 FF56 34       
  2FFFFF  7       
   FFFF   8       
   FFF    9       


       4          
       3          
     012          
                  
Layer 2
 3                
 21AAAA           
  AAAAAA      56  
 2AAAAAA       0  
 3  43AA       *  
 4 901234567890*B*
   8           BBB
   7           BB 
   65    5     BB 
    4 4+ 4        
    3 3+ 3        
    212+          
 890++98210       
        3         
        4         
      765         
      8           
     98           
                  
Layer 3
                  
     87654321098  
              47  
              3   
     210      2B  
 56789       7+BBB
    8          BBB
    7          BB 
    6E03       BB 
    EE*4          
 EEEEEEE 2        
EE*EEEE*01        
670ECCCE          
321 CCCEE         
    CCCC          
    *C*C          
     C0C          
      76          
       5          
Layer 4
                  
      *0          
    DDD12         
   DDDDD          
   DDDD98         
  DD*  67  456    
   D0345          
                  
     E12          
    EEE           
 EEEEEEE          
EEEEEEEE          
5  ECCCE          
4   CCCEE         
    CCCC          
    CCCC          
     C1C          
      23          
       4          
Layer 5
....!....!
                  
       43         
       56         
                  
          23      
    12            
                  
                  
                  
                  
                  
                  
                  
                  
                  
                  
                  
                  
Layer 6
....!....!
                  
                  
        7         
        8         
        901       
                  
                  
                  
                  
                  
                  
                  
                  
                  
                  
                  
                  
                  
