Layer 0
67                
 8                
                  
                  
                  
                  
                  
                  
                  
    FF            
   FFFF*          
   *FFF           
   FFF            
                  
                  
                  
                  
Layer 1
54                
 90*AAA           
 0*AAAAA          
 1AAAAAA          
      AA          
                  
                  
                  
                  
    FF            
   FFFFF          
   FFFF           
   FFF            
                  
                  
                  
                  
Layer 2
 3                
 21AAAA           
  AAAAAA      56  
 2AAAAAA          
 3    AA       *  
 4            0*B*
               BBB
               BB 
               BB 
                  
                  
                  
                  
                  
                  
                  
                  
Layer 3
                  
     87654321098  
              47  
              3   
              2B  
 56789        1BBB
               BBB
               BB 
     E         BB 
    EE*           
 EEEEEEE          
EE*EEEE*          
   ECCCE          
    CCCEE         
    CCCC          
    *C*C          
     C C          
Layer 4
                  
      *           
    DDD           
   DDDDD          
   DDDD           
  DD*             
   D              
                  
     E            
    EEE           
 EEEEEEE          
EEEEEEEE          
   ECCCE          
    CCCEE         
    CCCC          
    CCCC          
     C C          
